[29-Jan-2026 09:27:29 Europe/Berlin] PHP Warning:  require_once(C:\xampp\htdocs\pressing_manager\pages\admin\habilitations/../../fonctions/database.php): Failed to open stream: No such file or directory in C:\xampp\htdocs\pressing_manager\pages\admin\habilitations\attribuer.php on line 22
[29-Jan-2026 09:27:29 Europe/Berlin] PHP Fatal error:  Uncaught Error: Failed opening required 'C:\xampp\htdocs\pressing_manager\pages\admin\habilitations/../../fonctions/database.php' (include_path='C:\xampp\php\PEAR') in C:\xampp\htdocs\pressing_manager\pages\admin\habilitations\attribuer.php:22
Stack trace:
#0 {main}
  thrown in C:\xampp\htdocs\pressing_manager\pages\admin\habilitations\attribuer.php on line 22
[29-Jan-2026 09:28:46 Europe/Berlin] PHP Warning:  require_once(C:\xampp\htdocs\pressing_manager\pages\admin\habilitations../../../fonctions/database.php): Failed to open stream: No such file or directory in C:\xampp\htdocs\pressing_manager\pages\admin\habilitations\attribuer.php on line 22
[29-Jan-2026 09:28:46 Europe/Berlin] PHP Fatal error:  Uncaught Error: Failed opening required 'C:\xampp\htdocs\pressing_manager\pages\admin\habilitations../../../fonctions/database.php' (include_path='C:\xampp\php\PEAR') in C:\xampp\htdocs\pressing_manager\pages\admin\habilitations\attribuer.php:22
Stack trace:
#0 {main}
  thrown in C:\xampp\htdocs\pressing_manager\pages\admin\habilitations\attribuer.php on line 22
[29-Jan-2026 09:29:24 Europe/Berlin] PHP Fatal error:  Uncaught PDOException: SQLSTATE[42S02]: Base table or view not found: 1146 Table 'pressing_manager.role_permissions' doesn't exist in C:\xampp\htdocs\pressing_manager\pages\admin\habilitations\attribuer.php:116
Stack trace:
#0 C:\xampp\htdocs\pressing_manager\pages\admin\habilitations\attribuer.php(116): PDOStatement->execute(Array)
#1 C:\xampp\htdocs\pressing_manager\pages\admin\habilitations\attribuer.php(202): getRolePermissions(Object(PDO), '1')
#2 {main}
  thrown in C:\xampp\htdocs\pressing_manager\pages\admin\habilitations\attribuer.php on line 116
[29-Jan-2026 10:19:51 Europe/Berlin] PHP Fatal error:  Uncaught PDOException: SQLSTATE[42S02]: Base table or view not found: 1146 Table 'pressing_manager.role_permissions' doesn't exist in C:\xampp\htdocs\pressing_manager\pages\admin\habilitations\attribuer.php:116
Stack trace:
#0 C:\xampp\htdocs\pressing_manager\pages\admin\habilitations\attribuer.php(116): PDOStatement->execute(Array)
#1 C:\xampp\htdocs\pressing_manager\pages\admin\habilitations\attribuer.php(202): getRolePermissions(Object(PDO), '1')
#2 {main}
  thrown in C:\xampp\htdocs\pressing_manager\pages\admin\habilitations\attribuer.php on line 116
[29-Jan-2026 10:36:33 Europe/Berlin] PHP Warning:  require_once(../../templates/header.php): Failed to open stream: No such file or directory in C:\xampp\htdocs\pressing_manager\pages\admin\habilitations\attribuer.php on line 227
[29-Jan-2026 10:36:33 Europe/Berlin] PHP Fatal error:  Uncaught Error: Failed opening required '../../templates/header.php' (include_path='C:\xampp\php\PEAR') in C:\xampp\htdocs\pressing_manager\pages\admin\habilitations\attribuer.php:227
Stack trace:
#0 {main}
  thrown in C:\xampp\htdocs\pressing_manager\pages\admin\habilitations\attribuer.php on line 227
[29-Jan-2026 10:37:10 Europe/Berlin] PHP Fatal error:  Cannot redeclare getDatabaseConnection() (previously declared in C:\xampp\htdocs\pressing_manager\pages\admin\habilitations\attribuer.php:28) in C:\xampp\htdocs\pressing_manager\templates\navigation.php on line 96
[29-Jan-2026 10:38:00 Europe/Berlin] PHP Fatal error:  Uncaught Error: Call to undefined function getDatabaseConnection() in C:\xampp\htdocs\pressing_manager\pages\admin\habilitations\attribuer.php:176
Stack trace:
#0 {main}
  thrown in C:\xampp\htdocs\pressing_manager\pages\admin\habilitations\attribuer.php on line 176
[29-Jan-2026 10:40:29 Europe/Berlin] Erreur lors de la récupération des informations utilisateur: SQLSTATE[42S22]: Column not found: 1054 Unknown column 'nom' in 'field list'
[29-Jan-2026 10:41:01 Europe/Berlin] Erreur lors de la récupération des informations utilisateur: SQLSTATE[42S22]: Column not found: 1054 Unknown column 'nom' in 'field list'
[29-Jan-2026 10:41:05 Europe/Berlin] Erreur lors de la récupération des informations utilisateur: SQLSTATE[42S22]: Column not found: 1054 Unknown column 'nom' in 'field list'
[29-Jan-2026 10:41:05 Europe/Berlin] Erreur lors de la récupération des informations utilisateur: SQLSTATE[42S22]: Column not found: 1054 Unknown column 'nom' in 'field list'
[29-Jan-2026 10:44:12 Europe/Berlin] Erreur lors de la récupération des informations utilisateur: SQLSTATE[42S22]: Column not found: 1054 Unknown column 'nom' in 'field list'
[29-Jan-2026 10:48:23 Europe/Berlin] Erreur lors de la récupération des informations utilisateur: SQLSTATE[42S22]: Column not found: 1054 Unknown column 'nom' in 'field list'
[29-Jan-2026 10:48:25 Europe/Berlin] Erreur lors de la récupération des informations utilisateur: SQLSTATE[42S22]: Column not found: 1054 Unknown column 'nom' in 'field list'
[29-Jan-2026 10:48:33 Europe/Berlin] Erreur lors de la récupération des informations utilisateur: SQLSTATE[42S22]: Column not found: 1054 Unknown column 'nom' in 'field list'
[29-Jan-2026 10:48:39 Europe/Berlin] Erreur lors de la récupération des informations utilisateur: SQLSTATE[42S22]: Column not found: 1054 Unknown column 'nom' in 'field list'
[31-Jan-2026 13:05:01 Europe/Berlin] Erreur lors de la récupération des informations utilisateur: SQLSTATE[42S22]: Column not found: 1054 Unknown column 'nom' in 'field list'
[31-Jan-2026 13:05:11 Europe/Berlin] Erreur lors de la récupération des informations utilisateur: SQLSTATE[42S22]: Column not found: 1054 Unknown column 'nom' in 'field list'
[31-Jan-2026 13:07:42 Europe/Berlin] Erreur lors de la récupération des informations utilisateur: SQLSTATE[42S22]: Column not found: 1054 Unknown column 'nom' in 'field list'
[31-Jan-2026 13:11:27 Europe/Berlin] Erreur lors de la récupération des informations utilisateur: SQLSTATE[42S22]: Column not found: 1054 Unknown column 'nom' in 'field list'
[31-Jan-2026 13:12:02 Europe/Berlin] Erreur lors de la récupération des informations utilisateur: SQLSTATE[42S22]: Column not found: 1054 Unknown column 'nom' in 'field list'
[31-Jan-2026 13:12:23 Europe/Berlin] Erreur lors de la récupération des informations utilisateur: SQLSTATE[42S22]: Column not found: 1054 Unknown column 'nom' in 'field list'
[31-Jan-2026 13:16:01 Europe/Berlin] Erreur lors de la récupération des informations utilisateur: SQLSTATE[42S22]: Column not found: 1054 Unknown column 'nom' in 'field list'
[31-Jan-2026 13:16:29 Europe/Berlin] Erreur lors de la récupération des informations utilisateur: SQLSTATE[42S22]: Column not found: 1054 Unknown column 'nom' in 'field list'
[31-Jan-2026 13:18:31 Europe/Berlin] Erreur lors de la récupération des informations utilisateur: SQLSTATE[42S22]: Column not found: 1054 Unknown column 'nom' in 'field list'
[31-Jan-2026 13:18:34 Europe/Berlin] Erreur lors de la récupération des informations utilisateur: SQLSTATE[42S22]: Column not found: 1054 Unknown column 'nom' in 'field list'
[31-Jan-2026 13:19:46 Europe/Berlin] Erreur lors de la récupération des informations utilisateur: SQLSTATE[42S22]: Column not found: 1054 Unknown column 'nom' in 'field list'
[31-Jan-2026 13:20:14 Europe/Berlin] Erreur lors de la récupération des informations utilisateur: SQLSTATE[42S22]: Column not found: 1054 Unknown column 'nom' in 'field list'
[31-Jan-2026 13:21:06 Europe/Berlin] Erreur lors de la récupération des informations utilisateur: SQLSTATE[42S22]: Column not found: 1054 Unknown column 'nom' in 'field list'
[31-Jan-2026 13:21:17 Europe/Berlin] Erreur lors de la récupération des informations utilisateur: SQLSTATE[42S22]: Column not found: 1054 Unknown column 'nom' in 'field list'
[31-Jan-2026 13:21:31 Europe/Berlin] Erreur lors de la récupération des informations utilisateur: SQLSTATE[42S22]: Column not found: 1054 Unknown column 'nom' in 'field list'
