[2025-07-04 13:54:30] User ID: N/A (Guest) - Génération du Compte de Résultat par l'utilisateur ID: 7 pour la période du 2025-01-01 au 2025-12-31.
[2025-07-04 15:20:05] User ID: N/A (Guest) - Génération du Journal Général par l'utilisateur ID: 7 pour la période du 2025-01-01 au 2025-12-31.
[2025-07-04 15:20:10] User ID: N/A (Guest) - Génération du Journal Général par l'utilisateur ID: 7 pour la période du 2025-01-01 au 2025-12-31.
[2025-07-04 15:22:32] User ID: N/A (Guest) - Génération du Grand Livre pour le compte ID: 2 par l'utilisateur ID:  pour la période du 2025-01-01 au 2025-12-31.
[2025-07-07 16:04:00] User ID: N/A (Guest) - Génération du Journal Général par l'utilisateur ID: 7 pour la période du 2025-01-01 au 2025-12-31.
[2025-07-07 16:31:23] User ID: N/A (Guest) - Génération des prévisions financières (base: last_year, horizon: 12 months, croissance: 0%) par l'utilisateur ID: 7.
[2025-07-07 16:32:26] User ID: N/A (Guest) - Consultation de la Performance Budgétaire pour l'année: 2025 par l'utilisateur ID: 7.
[2025-07-07 16:32:31] User ID: N/A (Guest) - Génération des prévisions financières (base: last_year, horizon: 12 months, croissance: 0%) par l'utilisateur ID: 7.
[2025-07-07 16:32:40] User ID: N/A (Guest) - Génération du Journal Général par l'utilisateur ID: 7 pour la période du 2025-01-01 au 2025-12-31.
[2025-07-07 16:32:41] User ID: N/A (Guest) - Génération du Journal Général par l'utilisateur ID: 7 pour la période du 2025-01-01 au 2025-12-31.
[2025-07-07 16:32:51] User ID: N/A (Guest) - Génération du Grand Livre pour le compte ID: 2 par l'utilisateur ID:  pour la période du 2025-01-01 au 2025-12-31.
[2025-07-07 16:38:25] User ID: N/A (Guest) - Génération du Tableau des Flux de Trésorerie par l'utilisateur ID:  pour la période du 2025-01-01 au 2025-12-31.
[2025-07-07 17:33:34] User ID: N/A (Guest) - Lancement de la vérification d'intégrité des données par l'utilisateur ID: 
[2025-07-07 23:49:48] User ID: N/A (Guest) - Consultation de la Performance Budgétaire pour l'année: 2025 par l'utilisateur ID: 7.
[2025-07-07 23:49:51] User ID: N/A (Guest) - Génération des prévisions financières (base: last_year, horizon: 12 months, croissance: 0%) par l'utilisateur ID: 7.
[2025-07-07 23:50:10] User ID: N/A (Guest) - Génération du Compte de Résultat par l'utilisateur ID: 7 pour la période du 2025-01-01 au 2025-12-31.
[2025-07-07 23:50:12] User ID: N/A (Guest) - Génération du Journal Général par l'utilisateur ID: 7 pour la période du 2025-01-01 au 2025-12-31.
[2025-07-07 23:50:13] User ID: N/A (Guest) - Génération du Journal Général par l'utilisateur ID: 7 pour la période du 2025-01-01 au 2025-12-31.
[2025-07-07 23:50:22] User ID: N/A (Guest) - Génération du Grand Livre pour le compte ID: 4 par l'utilisateur ID:  pour la période du 2025-01-01 au 2025-12-31.
[2025-07-07 23:50:26] User ID: N/A (Guest) - Génération du Tableau des Flux de Trésorerie par l'utilisateur ID:  pour la période du 2025-01-01 au 2025-12-31.
[2025-07-08 16:56:10] User ID: N/A (Guest) - Consultation de la Performance Budgétaire pour l'année: 2025 par l'utilisateur ID: 7.
[2025-07-08 16:56:13] User ID: N/A (Guest) - Consultation de la Performance Budgétaire pour l'année: 2025 par l'utilisateur ID: 7.
[2025-07-08 16:56:17] User ID: N/A (Guest) - Génération des prévisions financières (base: last_year, horizon: 12 months, croissance: 0%) par l'utilisateur ID: 7.
[2025-07-08 16:56:26] User ID: N/A (Guest) - Génération du Compte de Résultat par l'utilisateur ID: 7 pour la période du 2025-01-01 au 2025-12-31.
[2025-07-08 16:56:29] User ID: N/A (Guest) - Génération du Journal Général par l'utilisateur ID: 7 pour la période du 2025-01-01 au 2025-12-31.
[2025-07-08 16:56:30] User ID: N/A (Guest) - Génération du Journal Général par l'utilisateur ID: 7 pour la période du 2025-01-01 au 2025-12-31.
[2025-07-08 16:56:45] User ID: N/A (Guest) - Génération du Grand Livre pour le compte ID: 75 par l'utilisateur ID:  pour la période du 2025-01-01 au 2025-12-31.
[2025-07-08 16:57:05] User ID: N/A (Guest) - Génération du Journal Général par l'utilisateur ID: 7 pour la période du 2025-01-01 au 2025-12-31.
[2025-07-08 16:57:07] User ID: N/A (Guest) - Génération du Journal Général par l'utilisateur ID: 7 pour la période du 2025-01-01 au 2025-12-31.
[2025-07-08 16:57:16] User ID: N/A (Guest) - Génération du Journal Général par l'utilisateur ID: 7 pour la période du 2025-01-01 au 2025-12-31.
[2025-07-08 16:57:25] User ID: N/A (Guest) - Génération du Journal Général par l'utilisateur ID: 7 pour la période du 2025-01-01 au 2025-12-31.
[2025-07-08 16:57:42] User ID: N/A (Guest) - Génération du Journal Général par l'utilisateur ID: 7 pour la période du 2025-01-01 au 2025-12-31.
[2025-07-08 16:58:11] User ID: N/A (Guest) - Génération du Grand Livre pour le compte ID: 47 par l'utilisateur ID:  pour la période du 2025-01-01 au 2025-12-31.
[2025-07-08 16:58:35] User ID: N/A (Guest) - Génération du Tableau des Flux de Trésorerie par l'utilisateur ID:  pour la période du 2025-01-01 au 2025-12-31.
[2025-07-09 11:13:59] User ID: N/A (Guest) - Lancement de la vérification d'intégrité des données par l'utilisateur ID: 
[2025-07-09 11:16:50] User ID: N/A (Guest) - Lancement de la vérification d'intégrité des données par l'utilisateur ID: 5
[2025-07-09 11:16:55] User ID: N/A (Guest) - Lancement de la vérification d'intégrité des données par l'utilisateur ID: 5
[2025-07-09 11:20:28] User ID: N/A (Guest) - Lancement de la vérification d'intégrité des données par l'utilisateur ID: 5
[2025-07-09 11:20:38] User ID: N/A (Guest) - Lancement de la vérification d'intégrité des données par l'utilisateur ID: 5
[2025-07-09 11:24:20] User ID: N/A (Guest) - Lancement de la vérification d'intégrité des données par l'utilisateur ID: 5
[2025-07-09 11:32:34] User ID: N/A (Guest) - Lancement de la vérification d'intégrité des données par l'utilisateur ID: 5
[2025-07-09 11:39:33] User ID: N/A (Guest) - Lancement de la vérification d'intégrité des données par l'utilisateur ID: 5
[2025-07-09 11:39:45] User ID: N/A (Guest) - Lancement de la vérification d'intégrité des données par l'utilisateur ID: 5
[2025-07-09 11:43:05] User ID: N/A (Guest) - Lancement de la vérification d'intégrité des données par l'utilisateur ID: 5
[2025-07-09 11:52:10] User ID: N/A (Guest) - Lancement de la vérification d'intégrité des données par l'utilisateur ID: 5
[2025-07-09 11:54:00] User ID: N/A (Guest) - Lancement de la vérification d'intégrité des données par l'utilisateur ID: 5
[2025-08-11 15:36:49] User ID: N/A (Guest) - Génération de la Balance Générale par l'utilisateur ID: 7 pour la période du 2025-01-01 au 2025-12-31. Consolidation fournisseurs activée.
[2025-08-11 15:36:53] User ID: N/A (Guest) - Génération de la Balance Générale par l'utilisateur ID: 7 pour la période du 2025-01-01 au 2025-12-31. Consolidation fournisseurs activée.
[2025-08-18 22:16:34] User ID: N/A (Guest) - Génération des prévisions financières (base: last_year, horizon: 12 months, croissance: 0%) par l'utilisateur ID: 7.
[2025-08-18 22:16:37] User ID: N/A (Guest) - Génération des prévisions financières (base: last_year, horizon: 12 months, croissance: 0%) par l'utilisateur ID: 7.
[2025-08-18 23:36:39] User ID: N/A (Guest) - Génération de la Balance Générale par l'utilisateur ID: 7 pour la période du 2025-01-01 au 2025-12-31. Consolidation fournisseurs activée.
[2025-08-18 23:36:42] User ID: N/A (Guest) - Génération de la Balance Générale par l'utilisateur ID: 7 pour la période du 2025-01-01 au 2025-12-31. Consolidation fournisseurs activée.
[2025-11-24 09:56:59] User ID: N/A (Guest) - Génération de la Balance Générale par l'utilisateur ID: 7 pour la période du 2025-01-01 au 2025-12-31. Consolidation fournisseurs activée.
[2025-11-24 09:57:18] User ID: N/A (Guest) - Génération de la Balance Générale par l'utilisateur ID: 7 pour la période du 2025-01-01 au 2025-12-31. Consolidation fournisseurs activée.
[2025-11-24 09:58:16] User ID: N/A (Guest) - Génération de la Balance Générale par l'utilisateur ID: 7 pour la période du 2025-01-01 au 2025-12-31. Consolidation fournisseurs activée.
[2025-11-24 10:03:58] User ID: N/A (Guest) - Génération de la Balance Générale par l'utilisateur ID: 7 pour la période du 2025-01-01 au 2025-12-31. Consolidation fournisseurs activée.
[2025-11-24 10:04:38] User ID: N/A (Guest) - Génération de la Balance Générale par l'utilisateur ID: 7 pour la période du 2025-01-01 au 2025-12-31. Consolidation fournisseurs activée.
[2025-11-25 08:57:02] User ID: N/A (Guest) - Génération de la Balance Générale par l'utilisateur ID: 7 pour la période du 2025-01-01 au 2025-12-31. Consolidation fournisseurs activée.
[2025-11-28 14:09:28] User ID: N/A (Guest) - Génération de la Balance Générale par l'utilisateur ID: 7 pour la période du 2025-01-01 au 2025-12-31. Consolidation fournisseurs activée.
[2025-11-28 16:35:08] User ID: N/A (Guest) - Génération de la Balance Générale par l'utilisateur ID: 7 pour la période du 2025-01-01 au 2025-12-31. Consolidation fournisseurs activée.
[2025-11-28 23:24:37] User ID: N/A (Guest) - Génération de la Balance Générale par l'utilisateur ID: 7 pour la période du 2025-01-01 au 2025-12-31. Consolidation fournisseurs activée.
[2025-11-28 23:24:49] User ID: N/A (Guest) - Génération du Journal Général par l'utilisateur ID: 7 pour la période du 2025-01-01 au 2025-12-31.
[2025-11-29 23:55:43] User ID: N/A (Guest) - Génération de la Balance Générale par l'utilisateur ID: 7 pour la période du 2025-01-01 au 2025-12-31. Consolidation fournisseurs activée.
[2025-11-29 23:56:52] User ID: N/A (Guest) - Génération de la Balance Générale par l'utilisateur ID: 7 pour la période du 2025-01-01 au 2025-12-31. Consolidation fournisseurs activée.
[2025-11-29 23:57:12] User ID: N/A (Guest) - Génération de la Balance Générale par l'utilisateur ID: 7 pour la période du 2025-01-01 au 2025-12-31. Consolidation fournisseurs activée.
[2025-11-29 23:57:27] User ID: N/A (Guest) - Génération de la Balance Générale par l'utilisateur ID: 7 pour la période du 2025-01-01 au 2025-12-31. Consolidation fournisseurs activée.
[2025-11-29 23:57:42] User ID: N/A (Guest) - Génération de la Balance Générale par l'utilisateur ID: 7 pour la période du 2025-01-01 au 2025-12-31. Consolidation fournisseurs activée.
[2025-11-29 23:57:48] User ID: N/A (Guest) - Génération de la Balance Générale par l'utilisateur ID: 7 pour la période du 2025-01-01 au 2025-12-31. Consolidation fournisseurs activée.
[2025-11-29 23:59:05] User ID: N/A (Guest) - Génération de la Balance Générale par l'utilisateur ID: 7 pour la période du 2025-01-01 au 2025-12-31. Consolidation fournisseurs activée.
[2025-11-29 23:59:12] User ID: N/A (Guest) - Génération de la Balance Générale par l'utilisateur ID: 7 pour la période du 2025-01-01 au 2025-12-31. Consolidation fournisseurs activée.
[2025-11-30 00:01:56] User ID: N/A (Guest) - Génération du Compte de Résultat par l'utilisateur ID: 7 pour la période du 2025-01-01 au 2025-12-31.
[2025-11-30 00:02:19] User ID: N/A (Guest) - Génération du Journal Général par l'utilisateur ID: 7 pour la période du 2025-01-01 au 2025-12-31.
[2025-11-30 00:02:24] User ID: N/A (Guest) - Génération du Journal Général par l'utilisateur ID: 7 pour la période du 2025-01-01 au 2025-12-31.
[2025-11-30 00:02:49] User ID: N/A (Guest) - Génération du Journal Général par l'utilisateur ID: 7 pour la période du 2025-01-01 au 2025-12-31.
[2025-11-30 00:02:52] User ID: N/A (Guest) - Génération du Journal Général par l'utilisateur ID: 7 pour la période du 2025-01-01 au 2025-12-31.
[2025-11-30 00:04:14] User ID: N/A (Guest) - Génération du Grand Livre pour le compte ID: 1 par l'utilisateur ID:  pour la période du 2025-01-01 au 2025-12-31.
[2025-11-30 00:06:36] User ID: N/A (Guest) - Génération du Tableau des Flux de Trésorerie par l'utilisateur ID:  pour la période du 2025-01-01 au 2025-12-31.
[2025-12-01 10:10:21] User ID: N/A (Guest) - Génération de la Balance Générale par l'utilisateur ID: 7 pour la période du 2025-01-01 au 2025-12-31. Consolidation fournisseurs activée.
[2025-12-01 10:10:40] User ID: N/A (Guest) - Génération de la Balance Générale par l'utilisateur ID: 7 pour la période du 2025-01-01 au 2025-12-31. Consolidation fournisseurs activée.
[2025-12-01 10:12:38] User ID: N/A (Guest) - Génération de la Balance Générale par l'utilisateur ID: 7 pour la période du 2025-01-01 au 2025-12-31. Consolidation fournisseurs activée.
[2025-12-01 10:15:42] User ID: N/A (Guest) - Génération du Journal Général par l'utilisateur ID: 7 pour la période du 2025-01-01 au 2025-12-31.
[2025-12-16 11:38:40] User ID: N/A (Guest) - Génération de la Balance Générale par l'utilisateur ID: 7 pour la période du 2025-01-01 au 2025-12-31. Consolidation fournisseurs activée.
[2025-12-16 11:41:15] User ID: N/A (Guest) - Génération de la Balance Générale par l'utilisateur ID: 7 pour la période du 2025-01-01 au 2025-12-31. Consolidation fournisseurs activée.
[2025-12-16 11:42:44] User ID: N/A (Guest) - Génération de la Balance Générale par l'utilisateur ID: 7 pour la période du 2025-01-01 au 2025-12-31. Consolidation fournisseurs activée.
[2025-12-16 11:45:33] User ID: N/A (Guest) - Génération du Journal Général par l'utilisateur ID: 7 pour la période du 2025-01-01 au 2025-12-31.
[2025-12-16 11:46:52] User ID: N/A (Guest) - Génération du Journal Général par l'utilisateur ID: 7 pour la période du 2025-01-01 au 2025-12-31.
[2025-12-16 13:54:10] User ID: N/A (Guest) - Génération du Journal Général par l'utilisateur ID: 11 pour la période du 2025-01-01 au 2025-12-31.
[2025-12-16 14:32:08] User ID: N/A (Guest) - Génération du Journal Général par l'utilisateur ID: 7 pour la période du 2025-01-01 au 2025-12-31.
[2025-12-16 14:41:46] User ID: N/A (Guest) - Génération de la Balance Générale par l'utilisateur ID: 7 pour la période du 2025-01-01 au 2025-12-31. Consolidation fournisseurs activée.
[2025-12-16 14:41:52] User ID: N/A (Guest) - Génération du Journal Général par l'utilisateur ID: 7 pour la période du 2025-01-01 au 2025-12-31.
[2025-12-16 14:42:24] User ID: N/A (Guest) - Génération de la Balance Générale par l'utilisateur ID: 7 pour la période du 2025-01-01 au 2025-12-31. Consolidation fournisseurs activée.
[2025-12-16 14:42:30] User ID: N/A (Guest) - Génération de la Balance Générale par l'utilisateur ID: 7 pour la période du 2025-01-01 au 2025-12-31. Consolidation fournisseurs activée.
[2025-12-16 14:42:45] User ID: N/A (Guest) - Génération du Journal Général par l'utilisateur ID: 7 pour la période du 2025-01-01 au 2025-12-31.
[2025-12-16 14:55:38] User ID: N/A (Guest) - Génération du Journal Général par l'utilisateur ID: 7 pour la période du 2025-01-01 au 2025-12-31.
[2025-12-16 14:55:56] User ID: N/A (Guest) - Génération du Journal Général par l'utilisateur ID: 7 pour la période du 2025-01-01 au 2025-12-31.
[2025-12-16 14:58:08] User ID: N/A (Guest) - Génération du Journal Général par l'utilisateur ID: 7 pour la période du 2025-01-01 au 2025-12-31.
[2025-12-16 14:58:13] User ID: N/A (Guest) - Génération de la Balance Générale par l'utilisateur ID: 7 pour la période du 2025-01-01 au 2025-12-31. Consolidation fournisseurs activée.
[2025-12-22 14:42:05] User ID: N/A (Guest) - Génération de la Balance Générale par l'utilisateur ID: 7 pour la période du 2025-01-01 au 2025-12-31. Consolidation fournisseurs activée.
[2025-12-22 14:42:14] User ID: N/A (Guest) - Génération du Journal Général par l'utilisateur ID: 7 pour la période du 2025-01-01 au 2025-12-31.
